// Jest Snapshot v1, https://goo.gl/fbAQLP

exports[`renders correctly 1`] = `
<img
  className="css-14up4pi"
  src="camera.svg"
/>
`;
