// Jest Snapshot v1, https://goo.gl/fbAQLP

exports[`renders correctly 1`] = `
<img
  className="css-1v7dot1"
  src="back.svg"
/>
`;
