// Jest Snapshot v1, https://goo.gl/fbAQLP

exports[`renders correctly 1`] = `
<img
  className="css-9kqm1z"
  id="save"
  onClick={[Function]}
  src="checkmark.svg"
/>
`;
